
> 1440-app@0.0.0 build
> tsc -b && vite build

src/components/activities/CreateActivityModal.tsx(72,17): error TS2353: Object literal may only specify known properties, and 'status' does not exist in type 'Omit<Activity, "id" | "createdAt" | "status" | "order">'.
src/components/goals/CreateGoalModal.tsx(65,17): error TS2353: Object literal may only specify known properties, and 'status' does not exist in type 'Omit<Goal, "id" | "createdAt" | "status" | "order">'.
src/components/layout/Layout.tsx(3,10): error TS2614: Module '"./Sidebar"' has no exported member 'Sidebar'. Did you mean to use 'import Sidebar from "./Sidebar"' instead?
src/components/layout/Sidebar.tsx(127,44): error TS2304: Cannot find name 'isActive'.
src/components/objectives/CreateObjectiveModal.tsx(49,21): error TS2353: Object literal may only specify known properties, and 'projectId' does not exist in type 'Omit<Objective, "id" | "createdAt" | "status" | "order">'.
src/components/projects/CreateProjectModal.tsx(16,55): error TS2339: Property 'goalId' does not exist on type 'Project'.
src/components/projects/CreateProjectModal.tsx(53,21): error TS2353: Object literal may only specify known properties, and 'goalId' does not exist in type 'Omit<Project, "id" | "createdAt" | "status" | "order">'.
src/components/projects/CreateProjectModal.tsx(58,51): error TS2339: Property 'goalId' does not exist on type 'Project'.
src/components/tasks/CreateTaskModal.tsx(14,13): error TS2339: Property 'addTask' does not exist on type 'AppState'.
src/components/tasks/CreateTaskModal.tsx(14,22): error TS2339: Property 'updateTask' does not exist on type 'AppState'.
src/components/tasks/TaskCard.tsx(69,22): error TS7053: Element implicitly has an 'any' type because expression of type 'EntityStatus' can't be used to index type '{ pending: string; in_progress: string; completed: string; completed_early: string; paused: string; overdue: string; archived: string; }'.
  Property 'active' does not exist on type '{ pending: string; in_progress: string; completed: string; completed_early: string; paused: string; overdue: string; archived: string; }'.
src/pages/BankView.tsx(38,16): error TS2345: Argument of type 'number' is not assignable to parameter of type 'string'.
src/pages/BankView.tsx(57,16): error TS2345: Argument of type 'number' is not assignable to parameter of type 'string'.
src/pages/BankView.tsx(169,49): error TS2345: Argument of type 'number' is not assignable to parameter of type 'string'.
src/pages/BankView.tsx(240,23): error TS2345: Argument of type '(goal: { id: number; title: string; category: string; status: "pending" | "active" | "completed" | "paused"; }) => Element' is not assignable to parameter of type '(value: Goal, index: number, array: Goal[]) => Element'.
  Types of parameters 'goal' and 'value' are incompatible.
    Type 'Goal' is not assignable to type '{ id: number; title: string; category: string; status: "pending" | "active" | "completed" | "paused"; }'.
      Types of property 'id' are incompatible.
        Type 'string' is not assignable to type 'number'.
src/utils/progressAnalytics.ts(33,56): error TS2339: Property 'projectId' does not exist on type 'Objective'.
src/utils/progressAnalytics.ts(48,52): error TS2339: Property 'goalId' does not exist on type 'Project'.
