
> 1440-app@0.0.0 build
> tsc -b && vite build

src/components/goals/GoalCard.tsx(54,86): error TS2554: Expected 5 arguments, but got 6.
src/components/objectives/ObjectiveCard.tsx(20,65): error TS2339: Property 'projectId' does not exist on type 'Objective'.
src/components/projects/ProjectCard.tsx(20,57): error TS2339: Property 'goalId' does not exist on type 'Project'.
src/components/projects/ProjectCard.tsx(21,56): error TS2339: Property 'projectId' does not exist on type 'Objective'.
src/pages/BankView.tsx(62,35): error TS2339: Property 'goalId' does not exist on type 'Project'.
src/pages/BankView.tsx(67,37): error TS2339: Property 'projectId' does not exist on type 'Objective'.
src/pages/BankView.tsx(309,11): error TS2322: Type '{ isOpen: boolean; onClose: () => void; goalId: any; projectToEdit: any; }' is not assignable to type 'IntrinsicAttributes & Props'.
  Property 'goalId' does not exist on type 'IntrinsicAttributes & Props'.
src/pages/BankView.tsx(317,11): error TS2322: Type '{ isOpen: boolean; onClose: () => void; projectId: any; objectiveToEdit: any; }' is not assignable to type 'IntrinsicAttributes & Props'.
  Property 'projectId' does not exist on type 'IntrinsicAttributes & Props'.
src/pages/HierarchicalView.tsx(26,34): error TS2339: Property 'goalId' does not exist on type 'Project'.
src/pages/HierarchicalView.tsx(30,36): error TS2339: Property 'projectId' does not exist on type 'Objective'.
