src/components/layout/Sidebar.tsx(127,44): error TS2304: Cannot find name 'isActive'.
src/components/objectives/CreateObjectiveModal.tsx(49,21): error TS2353: Object literal may only specify known properties, and 'projectId' does not exist in type 'Omit<Objective, "id" | "createdAt" | "status" | "order">'.
